let _ =
  let x = 1 in
  Genprint.print "testing..." (x, 1, "test.ml");
  Genprint.print "testing..." ((x, x), 2, "test.ml");
  Genprint.print "testing..." ((x, x, x), 3, "test.ml");
  Genprint.print "testing one two three" (x, 4, "test.ml");
  Genprint.print "something" ((x, x), 5, "test.ml");
  (try Genprint.print "cannot call directly" (1, 2)
   with | e -> print_endline @@ (Printexc.to_string e));
  print_endline "done"
